// Jest Snapshot v1, https://goo.gl/fbAQLP

exports[`Rehydrating rules should rehydrate the renderer cache 1`] = `
Object {
  ":hover:activeborderColor2px solid rgb(255, 255, 0)": Object {
    "className": "c",
    "declaration": "border-color:2px solid rgb(255, 255, 0)",
    "media": "",
    "selector": ".c:hover:active",
    "support": "",
    "type": "RULE",
  },
  "colorblue": Object {
    "className": "b",
    "declaration": "color:blue",
    "media": "",
    "selector": ".b",
    "support": "",
    "type": "RULE",
  },
  "colorred": Object {
    "className": "a",
    "declaration": "color:red",
    "media": "",
    "selector": ".a",
    "support": "",
    "type": "RULE",
  },
}
`;
