// Jest Snapshot v1, https://goo.gl/fbAQLP

exports[`Rehydrating from DOM nodes should rehydrate the renderer cache 1`] = `
Array [
  10,
  Object {
    " #id > .foo ~ barbackgroundColorred": Object {
      "className": "e",
      "declaration": "background-color:red",
      "media": "",
      "selector": ".e #id > .foo ~ bar",
      "support": "",
      "type": "RULE",
    },
    "(display: grid).foo.barcolorred": Object {
      "className": "h",
      "declaration": "color:red",
      "media": "",
      "selector": ".h.foo.bar",
      "support": "(display: grid)",
      "type": "RULE",
    },
    "(display: grid)colorblue": Object {
      "className": "g",
      "declaration": "color:blue",
      "media": "",
      "selector": ".g",
      "support": "(display: grid)",
      "type": "RULE",
    },
    ":hover> h1colorgreen": Object {
      "className": "j",
      "declaration": "color:green",
      "media": "",
      "selector": ".j:hover> h1",
      "support": "",
      "type": "RULE",
    },
    ":hovercolorred": Object {
      "className": "i",
      "declaration": "color:red",
      "media": "",
      "selector": ".i:hover",
      "support": "",
      "type": "RULE",
    },
    "WebkitFlex1;flex:1": Object {
      "className": "d",
      "declaration": "-webkit-flex:1;flex:1",
      "media": "",
      "selector": ".d",
      "support": "",
      "type": "RULE",
    },
    "[alt=\\"Hello\\"]fontSize12px": Object {
      "className": "f",
      "declaration": "font-size:12px",
      "media": "",
      "selector": ".f[alt=\\"Hello\\"]",
      "support": "",
      "type": "RULE",
    },
    "backgroundColorred": Object {
      "className": "c",
      "declaration": "background-color:red",
      "media": "",
      "selector": ".c",
      "support": "",
      "type": "RULE",
    },
    "coloryellow": Object {
      "className": "b",
      "declaration": "color:yellow",
      "media": "",
      "selector": ".b",
      "support": "",
      "type": "RULE",
    },
  },
]
`;
