// Jest Snapshot v1, https://goo.gl/fbAQLP

exports[`Renderer Rendering keyframes should render dynamic keyframe variations 1`] = `"k1"`;

exports[`Renderer Rendering keyframes should render dynamic keyframe variations 2`] = `"@-webkit-keyframes k1{from{color:red}to{color:blue}}@-moz-keyframes k1{from{color:red}to{color:blue}}@keyframes k1{from{color:red}to{color:blue}}"`;

exports[`Renderer Rendering keyframes should return a valid animation name 1`] = `"k1"`;

exports[`Renderer Rendering rules should allow nested props 1`] = `"a b"`;

exports[`Renderer Rendering rules should prefix classNames 1`] = `".fela_a{color:red}"`;

exports[`Renderer Rendering rules should prefix classNames 2`] = `"fela_a"`;

exports[`Renderer Rendering rules should remove undefined values 1`] = `"a"`;

exports[`Renderer Rendering rules should remove undefined values 2`] = `".a{font-size:15px}"`;

exports[`Renderer Rendering rules should render any nested selector with the &-prefix 1`] = `".a{color:red}.b~#foo{color:blue}.c .bar{color:green}"`;

exports[`Renderer Rendering rules should render attribute selectors 1`] = `".a{color:red}.b[bool=true]{color:blue}"`;

exports[`Renderer Rendering rules should render child selectors 1`] = `".a{color:red}.b>div{color:blue}"`;

exports[`Renderer Rendering rules should render media queries 1`] = `".a{color:red}@media (min-height:300px){.b{color:blue}}"`;

exports[`Renderer Rendering rules should render pseudo class selectors 1`] = `".a{color:red}.b:hover{color:blue}"`;

exports[`Renderer Rendering rules should render pseudo classes 1`] = `".a{color:red}.b:hover{color:blue}"`;

exports[`Renderer Rendering rules should reuse cached classNames 1`] = `"a b"`;

exports[`Renderer Rendering rules should reuse cached classNames 2`] = `"c b"`;

exports[`Renderer Rendering static styles should allow multiple static styles for a single selector 1`] = `"html,body{margin:0;font-size:12px}html,body{color:red}"`;

exports[`Renderer Rendering static styles should render a flat object of static selectors 1`] = `"html,body{margin:0;font-size:12px}"`;

exports[`Renderer Subscribing to the Renderer should call the callback with a change object 1`] = `
Array [
  Object {
    "className": "a",
    "declaration": "color:red",
    "media": "",
    "selector": ".a",
    "support": "",
    "type": "RULE",
  },
  Object {
    "className": "b",
    "declaration": "color:blue",
    "media": "(min-height: 300px)",
    "selector": ".b",
    "support": "",
    "type": "RULE",
  },
]
`;
