// Jest Snapshot v1, https://goo.gl/fbAQLP

exports[`Rendering to HTML markup should return a single HTML markup string 1`] = `
"<style type=\\"text/css\\" data-fela-rehydration=\\"6\\" data-fela-type=\\"STATIC\\">
    * {
        box-sizing: border-box
    }

    div {
        display: flex
    }
</style>
<style type=\\"text/css\\" data-fela-rehydration=\\"6\\" data-fela-type=\\"RULE\\">
    .a {
        color: red
    }
</style>
<style type=\\"text/css\\" data-fela-rehydration=\\"6\\" data-fela-type=\\"RULE\\" data-fela-support=\\"true\\">
    @supports (display:flex) {
        .b {
            color: yellow
        }
    }

    @supports (display:grid) {
        .c {
            color: brown
        }
    }
</style>
<style type=\\"text/css\\" data-fela-rehydration=\\"6\\" data-fela-type=\\"RULE\\" media=\\"(min-height: 300px)\\">
    .d {
        color: blue
    }
</style>
<style type=\\"text/css\\" data-fela-rehydration=\\"6\\" data-fela-type=\\"RULE\\" data-fela-support=\\"true\\" media=\\"(min-height: 300px)\\">
    @supports (display:flex) {
        .e {
            color: green
        }
    }

    @supports (display:grid) {
        .f {
            color: black
        }
    }
</style>"
`;
